// Jest Snapshot v1, https://goo.gl/fbAQLP

exports[`classToFunctional should convert class to functional comp 1`] = `
Array [
  Object {
    "operation": "insert",
    "payload": "function ClassComp(props)",
    "start": 0,
  },
  Object {
    "end": 139,
    "operation": "remove",
    "start": 0,
  },
  Object {
    "operation": "insert",
    "payload": "
	let self = {props};
",
    "start": 140,
  },
  Object {
    "operation": "insert",
    "payload": "self",
    "start": 157,
  },
  Object {
    "end": 161,
    "operation": "remove",
    "start": 157,
  },
  Object {
    "operation": "insert",
    "payload": "self",
    "start": 193,
  },
  Object {
    "end": 197,
    "operation": "remove",
    "start": 193,
  },
  Object {
    "operation": "insert",
    "payload": "self",
    "start": 223,
  },
  Object {
    "end": 227,
    "operation": "remove",
    "start": 223,
  },
]
`;
